// Jest Snapshot v1, https://goo.gl/fbAQLP

exports[`componente do header o snapshot deve permanecer o mesmo 1`] = `
<div
  class="App"
>
  <div
    class="loading "
  >
    <div
      class="bar bar1"
    />
    <div
      class="bar bar2"
    />
    <div
      class="bar bar3"
    />
    <div
      class="bar bar4"
    />
    <div
      class="bar bar5"
    />
    <div
      class="bar bar6"
    />
    <div
      class="bar bar7"
    />
    <div
      class="bar bar8"
    />
  </div>
  <section
    class="sc-hBMUJo dgUgZY"
  >
    <h1>
      Produtos carregados com sucesso
    </h1>
  </section>
  <header
    class="sc-bdnxRM ODqTo"
  >
    <div
      class="sc-gtsrHT Dgrcd"
    >
      <div
        class="sc-dlnjwi cosUdp"
      >
        <div
          class="sc-iCoGMd zqxxU"
        >
          <img
            alt="menu"
            class="sc-fujyAs"
            src="menu.svg"
          />
          <p
            class="sc-pNWdM lCbqY"
          >
            menu
          </p>
        </div>
        <div
          class="sc-iCoGMd kpOEcc"
        >
          <img
            alt="fechar menu"
            class="sc-fujyAs"
            src="close.svg"
          />
          <p
            class="sc-pNWdM lCbqY"
          >
            fechar
          </p>
        </div>
        <h1
          class="sc-jSFjdj bwmfWu"
        >
          <img
            alt="Logo Riachuelo"
            class="sc-gKAaRy gdxmWT"
            src="rchlo.svg"
          />
        </h1>
      </div>
      <div
        class="sc-hKFxyN jXZoXn"
      >
        <h1
          class="sc-jSFjdj bwmfWu"
        >
          <img
            alt="Logo Riachuelo"
            class="sc-gKAaRy gdxmWT"
            src="riachuelo.svg"
          />
        </h1>
      </div>
      <div
        class="sc-eCApnc gDvtbK"
      >
        <img
          alt="lupa"
          class="sc-jrsJWt iOvsrw"
          src="search.svg"
        />
        <input
          class="sc-kEqXSa gcoDLL"
          placeholder="O que você está procurando?"
          type="search"
        />
      </div>
      <nav
        class="sc-bqGGPW gFLTgU"
      >
        <ul
          class="sc-ksluID dYQQAW"
        />
      </nav>
    </div>
  </header>
  <main
    class="main"
  >
    <section
      class="sc-fKgJPI xPGIn"
    >
      <ol
        class="sc-bCwfaz jqymxT"
      />
    </section>
    <section
      class="sc-iJCRrE dUVYgl"
    >
      <ul
        class="sc-giAqHp hoOZDa"
      />
    </section>
    <section
      class="sc-ezzafa iLpKgu"
    >
      <ol
        class="sc-bYwzuL ipZSLr"
      />
    </section>
  </main>
  <footer
    class="footer"
  >
    <section
      class="footer__contact"
    >
      <div
        class="footer__container contact"
      >
        <p
          class="contact__info"
        >
          Receba ofertas e novidades por e-mail
        </p>
        <form
          action="/"
        >
          <input
            class="contact__input"
            placeholder="Digite aqui seu e-mail"
            type="email"
          />
          <button
            class="contact__btn"
            type="submit"
          >
            <span
              class="contact__btn__txt"
            >
              Cadastrar
            </span>
          </button>
        </form>
        <p
          class="contact__msg-app"
        >
          Baixe nosso App
        </p>
        <div
          class="apps"
        >
          <a
            href="/"
          >
            <img
              alt="Google Play"
              class="apps__img"
              src="google-play.webp"
            />
          </a>
          <a
            href="/"
          >
            <img
              alt="App Store"
              class="apps__img"
              src="app-store.webp"
            />
          </a>
        </div>
      </div>
    </section>
    <section
      class="footer__links links"
    >
      <div
        class="footer__container links"
      >
        <div
          class="links__contacts"
        >
          <div
            class="col"
          >
            <a
              class="contact-icon"
              href="/"
            >
              <img
                alt="Atendimento"
                class="contact-icon__img"
                src="ico-attendance.svg"
              />
              <p
                class="contact-icon__text"
              >
                Atendimento
              </p>
            </a>
            <a
              class="contact-icon"
              href="/"
            >
              <img
                alt="Perguntas Frequentes"
                class="contact-icon__img"
                src="ico-faq.svg"
              />
              <p
                class="contact-icon__text"
              >
                Perguntas Frequentes
              </p>
            </a>
          </div>
          <div
            class="col"
          >
            <a
              class="contact-icon"
              href="/"
            >
              <img
                alt="Fatura e Extrato"
                class="contact-icon__img"
                src="ico-invoice-and-statement.svg"
              />
              <p
                class="contact-icon__text"
              >
                Fatura e Extrato
              </p>
            </a>
            <a
              class="contact-icon"
              href="/"
            >
              <img
                alt="Trabalhe Conosco"
                class="contact-icon__img"
                src="ico-work-with-us.svg"
              />
              <p
                class="contact-icon__text"
              >
                Trabalhe Conosco
              </p>
            </a>
          </div>
        </div>
        <hr
          class="links__separator"
        />
        <ul
          class="links__companies company-links"
        >
          <li
            class="company-links"
          >
            <h3
              class="company-links__title"
            >
              Cartão Riachuelo
            </h3>
            <ul>
              <li
                class="company-links__item"
              >
                <a
                  class="company-links__text"
                  href="/"
                >
                  Midway Financeira
                </a>
              </li>
              <li
                class="company-links__item"
              >
                <a
                  class="company-links__text"
                  href="/"
                >
                  Saiba como adquirir
                </a>
              </li>
              <li
                class="company-links__item"
              >
                <a
                  class="company-links__text"
                  href="/"
                >
                  Veja sua fatura e extrato
                </a>
              </li>
              <li
                class="company-links__item"
              >
                <a
                  class="company-links__text"
                  href="/"
                >
                  Buscando quitar suas dívidas?
                </a>
              </li>
            </ul>
          </li>
          <li
            class="company-links"
          >
            <h3
              class="company-links__title"
            >
              Sobre a Riachuelo
            </h3>
            <ul>
              <li
                class="company-links__item"
              >
                <a
                  class="company-links__text"
                  href="/"
                >
                  A Empresa
                </a>
              </li>
              <li
                class="company-links__item"
              >
                <a
                  class="company-links__text"
                  href="/"
                >
                  Portal de Fornecedores
                </a>
              </li>
              <li
                class="company-links__item"
              >
                <a
                  class="company-links__text"
                  href="/"
                >
                  Relação com Investidores
                </a>
              </li>
              <li
                class="company-links__item"
              >
                <a
                  class="company-links__text"
                  href="/"
                >
                  Assessoria de Imprensa
                </a>
              </li>
              <li
                class="company-links__item"
              >
                <a
                  class="company-links__text"
                  href="/"
                >
                  Trabalhe Conosco
                </a>
              </li>
              <li
                class="company-links__item"
              >
                <a
                  class="company-links__text"
                  href="/"
                >
                  Programa Jovem Aprendiz
                </a>
              </li>
              <li
                class="company-links__item"
              >
                <a
                  class="company-links__text"
                  href="/"
                >
                  Cadastro de Startups
                </a>
              </li>
              <li
                class="company-links__item"
              >
                <a
                  class="company-links__text"
                  href="/"
                >
                   
                  Mapa do Site
                   
                </a>
              </li>
              <li
                class="company-links__item"
              >
                <a
                  class="company-links__text"
                  href="/"
                >
                   
                  Guide Shop
                   
                </a>
              </li>
              <li
                class="company-links__item"
              >
                <a
                  class="company-links__text"
                  href="/"
                >
                  Venda na Riachuelo Marketplace
                </a>
              </li>
            </ul>
          </li>
          <li
            class="company-links"
          >
            <h3
              class="company-links__title"
            >
              Moda que Transforma
            </h3>
            <ul>
              <li
                class="company-links__item"
              >
                <a
                  class="company-links__text"
                  href="/"
                >
                  Na prática
                </a>
              </li>
              <li
                class="company-links__item"
              >
                <a
                  class="company-links__text"
                  href="/"
                >
                  Entre Costuras
                </a>
              </li>
              <li
                class="company-links__item"
              >
                <a
                  class="company-links__text"
                  href="/"
                >
                  Jeans Mais Transparente
                </a>
              </li>
              <li
                class="company-links__item"
              >
                <a
                  class="company-links__text"
                  href="/"
                >
                  Ações Covid-19
                </a>
              </li>
              <li
                class="company-links__item"
              >
                <a
                  class="company-links__text"
                  href="/"
                >
                  Free Free
                </a>
              </li>
            </ul>
          </li>
          <li
            class="company-links"
          >
            <h3
              class="company-links__title"
            >
              Ajuda
            </h3>
            <ul>
              <li
                class="company-links__item"
              >
                <a
                  class="company-links__text"
                  href="/"
                >
                  Atendimento
                </a>
              </li>
              <li
                class="company-links__item"
              >
                <a
                  class="company-links__text"
                  href="/"
                >
                  Perguntas Frequentes
                </a>
              </li>
              <li
                class="company-links__item"
              >
                <a
                  class="company-links__text"
                  href="/"
                >
                  Trocas e Devoluções
                </a>
              </li>
              <li
                class="company-links__item"
              >
                <a
                  class="company-links__text"
                  href="/"
                >
                  Portal da Privacidade
                </a>
              </li>
              <li
                class="company-links__item"
              >
                <a
                  class="company-links__text"
                  href="/"
                >
                  Política de Privacidade
                </a>
              </li>
              <li
                class="company-links__item"
              >
                <a
                  class="company-links__text"
                  href="/"
                >
                  Termos e Condições de Uso
                </a>
              </li>
              <li
                class="company-links__item"
              >
                <a
                  class="company-links__text"
                  href="/"
                >
                  Regras e Resultados de Sorteios
                </a>
              </li>
            </ul>
          </li>
        </ul>
      </div>
    </section>
    <section
      class="footer__payment"
    >
      <div
        class="footer__container payment"
      >
        <div
          class="payment__alternatives"
        >
          <h3
            class="payment__title"
          >
            Formas de Pagamento
          </h3>
          <img
            alt=""
            class="payment__img"
            src="ico-cartao-rchlo1.webp"
          />
          <img
            alt=""
            class="payment__img"
            src="ico-cartao-rchlo2.webp"
          />
          <img
            alt=""
            class="payment__img"
            src="ico-cartao-rchlo3.webp"
          />
          <img
            alt=""
            class="payment__img"
            src="ico-cartao-visa.png"
          />
          <img
            alt=""
            class="payment__img"
            src="ico-cartao-master.webp"
          />
          <img
            alt=""
            class="payment__img"
            src="ico-cartao-amex.webp"
          />
          <img
            alt=""
            class="payment__img"
            src="ico-cartao-diners.png"
          />
          <img
            alt=""
            class="payment__img"
            src="ico-cartao-elo.png"
          />
          <img
            alt=""
            class="payment__img"
            src="ico-boleto.webp"
          />
          <img
            alt=""
            class="payment__img"
            src="ico-paypal.png"
          />
        </div>
        <div
          class="payment__social"
        >
          <h3
            class="payment__title"
          >
            Siga a Riachuelo
          </h3>
          <div
            class="social__icons"
          >
            <div
              class="social__icon icon"
            >
              <a
                href="/"
              >
                <img
                  alt=""
                  class="icon__img"
                  src="ico-facebook.svg"
                />
              </a>
            </div>
            <div
              class="social__icon icon"
            >
              <a
                href="/"
              >
                <img
                  alt=""
                  class="icon__img"
                  src="ico-instagram.svg"
                />
              </a>
              <p
                class="icon__text"
              >
                RCHLO
              </p>
            </div>
            <div
              class="social__icon icon"
            >
              <a
                href="/"
              >
                <img
                  alt=""
                  class="icon__img"
                  src="ico-instagram.svg"
                />
              </a>
              <p
                class="icon__text"
              >
                CASA RCHLO
              </p>
            </div>
            <div
              class="social__icon icon"
            >
              <a
                href="/"
              >
                <img
                  alt=""
                  class="icon__img"
                  src="ico-pinterest.svg"
                />
              </a>
            </div>
            <div
              class="social__icon icon"
            >
              <a
                href="/"
              >
                <img
                  alt=""
                  class="icon__img"
                  src="ico-twitter.svg"
                />
              </a>
            </div>
            <div
              class="social__icon icon"
            >
              <a
                href="/"
              >
                <img
                  alt=""
                  class="icon__img"
                  src="ico-youtube.svg"
                />
              </a>
            </div>
            <div
              class="social__icon icon"
            >
              <a
                href="/"
              >
                <img
                  alt=""
                  class="icon__img"
                  src="ico-linkedin.svg"
                />
              </a>
            </div>
          </div>
        </div>
        <div
          class="payment__accessibility"
        >
          <h3
            class="payment__title"
          >
            Acessibilidade
          </h3>
          <img
            alt=""
            src="ico-a11y.webp"
          />
        </div>
      </div>
    </section>
    <section
      class="footer__bottom"
    >
      <div
        class="footer__container bottom"
      >
        <div
          class="copyright"
        >
          <p
            class="copyright__text"
          >
            © Copyright 2017 - 2019. Todos os direitos reservados. Lojas Riachuelo S/A. Rua Landri Sales, 1.070, G02 Anexo B, Guarulhos - SP - Brasil
            <br />
            CEP 07250-130 CNPJ 33.200.056/0441-97 | IE 796.420.926.112 | SAC 4003-0515.Direção de fotografia de produtos por Adriano Adrião.
            <br />
            Pagamento com Cartão Riachuelo, parcelas mínimas de R$ 15,00. Para os demais cartões Visa, Mastercard, Elo, Diners, Hipercard e American Express, parcelas mínimas de R$ 30,00.
            <br />
            * COMPRE NO SITE e RETIRE NA LOJA com FRETE GRÁTIS, conforme lojas participantes. Consulte as lojas participantes nas opções de frete do seu pedido, conforme CEP de entrega cadastrado.
            <br />
            Frete único de R$ 4,99 para Sul e Sudeste em compras a partir de R$ 129,00. Demais regiões o valor estará sujeito a variações. Condição por tempo indeterminado, para tipo de entrega “normal”.
            <br />
            Preços, promoções, condições de pagamento, valores de frete e disponibilidade de estoque são aplicados somente nas compras efetuadas na loja online Riachuelo. Existe uma limitação de peças iguais no mesmo pedido que muda de acordo com o tipo de produto.
            <br />
            Em caso de divergência de valores entre a página do produto e a Sacola de Compras, a Riachuelo se reserva a garantir o valor exibido na Sacola de Compras.
          </p>
        </div>
        <div
          class="copyright__stamp"
        >
          <img
            alt=""
            src="ra1000.webp"
          />
        </div>
      </div>
    </section>
  </footer>
</div>
`;
